python : Traceback (most 
recent call last):
At line:1 char:1
+ python test_face.py > 
test_log.txt 2>&1; cat 
test_log.txt
+ ~~~~~~~~~~~~~~~~~~~~~~~~~~~~
~~~~~~~~~~~
    + CategoryInfo          : 
    NotSpecified: (Traceback  
   (most recent call last):   
 :String) [], RemoteExcept    
ion
    + FullyQualifiedErrorId : 
    NativeCommandError
 
  File "F:\schoolsync-main\fac
e_handler.py", line 40, in 
get_encoding
    if not image_source:
           ^^^^^^^^^^^^
ValueError: The truth value 
of an array with more than 
one element is ambiguous. Use 
a.any() or a.all()
Testing FaceHandler...
SUCCESS: Models loaded.
Testing detection call...
Error extracting face encoding: The truth value of an array with more than one element is ambiguous. Use a.any() or a.all()
Call finished. Encoding found: False
